                                 The SAS System                                4
                                            Sunday, January 11, 2015 07:49:56 AM

      Obs    no    sex    age    class    ext    agl    cop    est    opn

        1     1     F      19    inu       13     20     13     14     14
        2     6     M      19    inu       12     20     22     22     14
        3     8     M      20    inu       15     22     24     18     15
        4    13     F      20    inu       12     21     16     23     18
        5    14     F      21    inu       23     24     17     14     16
        6    15     M      22    inu       23     24     21     13     15
        7    18     F      22    inu       24     24     22     15     17
        8    20     M      19    inu       19     24     16     14     14
        9    25     F      22    inu       21     24     17     16     11
       10    28     F      21    inu       23     21     22      8     11
       11     2     F      23    neko      14     23     20     15     13
       12     5     F      18    neko      22     24     15     16     22
       13     9     F      21    neko      17     24     21     13     19
       14    12     F      19    neko      17     24     14     15     13
       15    16     F      19    neko      17     23     19     18     15
       16    19     F      22    neko      20     17     21     20     18
       17    21     M      18    neko      24     18     12     16     17
       18    23     M      19    neko      23     19     14     21     12
       19    26     M      19    neko      11     17     18     12     16
       20    29     M      19    neko      14     19      7     18     15
       21     3     M      20    tori      23     22     18     13     13
       22     4     M      21    tori      24     21     13     17     13
       23     7     M      20    tori      20     19     16     19     15
       24    10     M      18    tori      22     24     14     15     13
       25    11     F      18    tori      19     22     21     14     14
                                 The SAS System                                5
                                            Sunday, January 11, 2015 07:49:56 AM

      Obs    no    sex    age    class    ext    agl    cop    est    opn

       26    17     M      18    tori      23     22     19     15     15
       27    22     F      21    tori      12     21     17     20      9
       28    24     F      20    tori      16     11     18     21     22
       29    27     F      22    tori      22     11     24     18     19
       30    30     F      18    tori      23      8     11     27     13
                                 The SAS System                                6
                                            Sunday, January 11, 2015 07:49:56 AM

                              The MEANS Procedure

 Variable     N            Mean         Std Dev         Minimum         Maximum
 ------------------------------------------------------------------------------
 ext         30      18.9333333       4.3702232      11.0000000      24.0000000
 agl         30      20.4333333       4.1827506       8.0000000      24.0000000
 cop         30      17.4000000       4.0649893       7.0000000      24.0000000
 est         30      16.6666667       3.8446858       8.0000000      27.0000000
 opn         30      15.0333333       3.0112815       9.0000000      22.0000000
 ------------------------------------------------------------------------------
